next-version: 2.0.0
merge-message-formats: {}
update-build-number: true
semantic-version-format: Strict
version-strategy: None
branches: {}
ignore:
  sha: []
increment: None
source-branches: []
is-source-branch-for: []
